// Jest Snapshot v1, https://goo.gl/fbAQLP

exports[`GET /rest/:id Student zu vorhandener ID 1`] = `"https://laptop:3000/rest/1"`;
